// Jest Snapshot v1, https://goo.gl/fbAQLP

exports[`<CurrencyContainer /> displays and renders properly 1`] = `
<styled.table>
  <thead>
    <tr>
      <th>
         
      </th>
      <th>
        Валютная Пара
      </th>
      <th>
        Катировка
      </th>
      <th>
        Дата Получения
      </th>
      <th>
         
      </th>
    </tr>
  </thead>
  <tbody>
    <tr
      key="0"
      onClick={[Function]}
    >
      <td>
        <EmptyStar />
      </td>
      <td>
        EUR/USD
      </td>
      <td>
        1.12
      </td>
      <td>
        May 07, 2020
      </td>
      <td>
         
      </td>
    </tr>
    <tr
      key="1"
      onClick={[Function]}
    >
      <td>
        <EmptyStar />
      </td>
      <td>
        USD/JPY
      </td>
      <td>
        107.95
      </td>
      <td>
        May 07, 2020
      </td>
      <td>
         
      </td>
    </tr>
    <tr
      key="2"
      onClick={[Function]}
    >
      <td>
        <EmptyStar />
      </td>
      <td>
        GBP/USD
      </td>
      <td>
        1.238
      </td>
      <td>
        May 07, 2020
      </td>
      <td>
         
      </td>
    </tr>
    <tr
      key="3"
      onClick={[Function]}
    >
      <td>
        <EmptyStar />
      </td>
      <td>
        AUD/USD
      </td>
      <td>
        0.7048
      </td>
      <td>
        May 07, 2020
      </td>
      <td>
         
      </td>
    </tr>
    <tr
      key="4"
      onClick={[Function]}
    >
      <td>
        <EmptyStar />
      </td>
      <td>
        USD/CHF
      </td>
      <td>
        0.9888
      </td>
      <td>
        May 07, 2020
      </td>
      <td>
         
      </td>
    </tr>
    <tr
      key="5"
      onClick={[Function]}
    >
      <td>
        <EmptyStar />
      </td>
      <td>
        USD/CAD
      </td>
      <td>
        1.31
      </td>
      <td>
        May 07, 2020
      </td>
      <td>
         
      </td>
    </tr>
  </tbody>
</styled.table>
`;
