// Jest Snapshot v1, https://goo.gl/fbAQLP

exports[`<CurrencyContainer /> displays and renders properly 1`] = `
<styled.table>
  <thead>
    <tr>
      <th>
         
      </th>
      <th>
        currency.title
      </th>
      <th>
        currency.quotation
      </th>
      <th>
        currency.date
      </th>
      <th>
         
      </th>
    </tr>
  </thead>
  <tbody>
    <tr
      key="0"
      onClick={[Function]}
    >
      <td>
        <BsStar />
      </td>
      <td>
        EUR/USD
      </td>
      <td>
        1.12
      </td>
      <td>
        <t
          ago={false}
          calendar={false}
          decimal={false}
          element={null}
          filter={[Function]}
          format="YYYY-MM-DD"
          fromNow={false}
          interval={60000}
          local={false}
          onChange={[Function]}
          titleFormat=""
          toNow={false}
          unit={null}
          unix={false}
          utc={false}
          withTitle={false}
        >
          <Component />
        </t>
      </td>
      <td>
         
      </td>
    </tr>
    <tr
      key="1"
      onClick={[Function]}
    >
      <td>
        <BsStar />
      </td>
      <td>
        USD/JPY
      </td>
      <td>
        107.95
      </td>
      <td>
        <t
          ago={false}
          calendar={false}
          decimal={false}
          element={null}
          filter={[Function]}
          format="YYYY-MM-DD"
          fromNow={false}
          interval={60000}
          local={false}
          onChange={[Function]}
          titleFormat=""
          toNow={false}
          unit={null}
          unix={false}
          utc={false}
          withTitle={false}
        >
          <Component />
        </t>
      </td>
      <td>
         
      </td>
    </tr>
    <tr
      key="2"
      onClick={[Function]}
    >
      <td>
        <BsStar />
      </td>
      <td>
        GBP/USD
      </td>
      <td>
        1.238
      </td>
      <td>
        <t
          ago={false}
          calendar={false}
          decimal={false}
          element={null}
          filter={[Function]}
          format="YYYY-MM-DD"
          fromNow={false}
          interval={60000}
          local={false}
          onChange={[Function]}
          titleFormat=""
          toNow={false}
          unit={null}
          unix={false}
          utc={false}
          withTitle={false}
        >
          <Component />
        </t>
      </td>
      <td>
         
      </td>
    </tr>
    <tr
      key="3"
      onClick={[Function]}
    >
      <td>
        <BsStar />
      </td>
      <td>
        AUD/USD
      </td>
      <td>
        0.7048
      </td>
      <td>
        <t
          ago={false}
          calendar={false}
          decimal={false}
          element={null}
          filter={[Function]}
          format="YYYY-MM-DD"
          fromNow={false}
          interval={60000}
          local={false}
          onChange={[Function]}
          titleFormat=""
          toNow={false}
          unit={null}
          unix={false}
          utc={false}
          withTitle={false}
        >
          <Component />
        </t>
      </td>
      <td>
         
      </td>
    </tr>
    <tr
      key="4"
      onClick={[Function]}
    >
      <td>
        <BsStar />
      </td>
      <td>
        USD/CHF
      </td>
      <td>
        0.9888
      </td>
      <td>
        <t
          ago={false}
          calendar={false}
          decimal={false}
          element={null}
          filter={[Function]}
          format="YYYY-MM-DD"
          fromNow={false}
          interval={60000}
          local={false}
          onChange={[Function]}
          titleFormat=""
          toNow={false}
          unit={null}
          unix={false}
          utc={false}
          withTitle={false}
        >
          <Component />
        </t>
      </td>
      <td>
         
      </td>
    </tr>
    <tr
      key="5"
      onClick={[Function]}
    >
      <td>
        <BsStar />
      </td>
      <td>
        USD/CAD
      </td>
      <td>
        1.31
      </td>
      <td>
        <t
          ago={false}
          calendar={false}
          decimal={false}
          element={null}
          filter={[Function]}
          format="YYYY-MM-DD"
          fromNow={false}
          interval={60000}
          local={false}
          onChange={[Function]}
          titleFormat=""
          toNow={false}
          unit={null}
          unix={false}
          utc={false}
          withTitle={false}
        >
          <Component />
        </t>
      </td>
      <td>
         
      </td>
    </tr>
  </tbody>
</styled.table>
`;
