// Jest Snapshot v1, https://goo.gl/fbAQLP

exports[`<AuthForm /> renders and displays properly 1`] = `
<styled.div>
  <styled.div>
    <span>
      login.header
    </span>
  </styled.div>
  <styled.div>
    <styled.div>
      <styled.div>
        <p>
           
          login.login
           
        </p>
        <input
          className="form-input false"
          id="email"
          onChange={[Function]}
          type="text"
          value=""
        />
        <p
          id="email-error"
        >
           
        </p>
      </styled.div>
    </styled.div>
    <styled.div>
      <styled.div>
        <p>
           
          login.password
           
        </p>
        <input
          className="form-input false"
          id="password"
          onChange={[Function]}
          type="password"
          value=""
        />
        <p
          id="password-error"
        >
           
        </p>
      </styled.div>
    </styled.div>
  </styled.div>
  <styled.div>
    <button
      onClick={[Function]}
    >
      <span>
        login.enter
      </span>
      <span>
        <IoIosArrowRoundForward
          color="white"
          size="2em"
        />
      </span>
    </button>
    <p
      id="form-error"
    >
      login.formError
    </p>
  </styled.div>
</styled.div>
`;
