// Jest Snapshot v1, https://goo.gl/fbAQLP

exports[`<TabsContainer /> displays and shows properly 1`] = `
<Suspense
  fallback="loading ..."
>
  <styled.div>
    <div
      className="stretcher"
    >
      <div
        className="tab-wrapper"
      >
        <styled.a
          active={1}
          onClick={[Function]}
        >
          tabs.currency
        </styled.a>
        <styled.a
          active={0}
          onClick={[Function]}
        >
          tabs.calculator
        </styled.a>
        <styled.a
          active={0}
          onClick={[Function]}
        >
          tabs.history
        </styled.a>
      </div>
      <CurrencyContextProvider>
        <Memo() />
      </CurrencyContextProvider>
    </div>
  </styled.div>
</Suspense>
`;
