// Jest Snapshot v1, https://goo.gl/fbAQLP

exports[`<CalculatorForm /> renders and displays properly 1`] = `
<styled.form>
  <input
    id="exchangeAmount"
    onChange={[Function]}
    type="text"
    value={0}
  />
  <Memo()
    defaultValue="U"
    onChangeHandler={[Function]}
    optionsList={
      Array [
        "USD",
        "EUR",
        "GMB",
        "CAD",
        "JPY",
      ]
    }
  />
  <Memo()
    defaultValue="U"
    onChangeHandler={[Function]}
    optionsList={
      Array [
        "USD",
        "EUR",
        "GMB",
        "CAD",
        "JPY",
      ]
    }
  />
  <Button
    disabled={true}
  >
    calculator.calculate
  </Button>
</styled.form>
`;
