// Jest Snapshot v1, https://goo.gl/fbAQLP

exports[`<CalculatorForm /> renders and displays properly 1`] = `
<styled.form>
  <input
    onChange={[Function]}
    type="text"
    value={0}
  />
  <Memo()
    defaultValue="U"
    onChangeHandler={[Function]}
    optionsList={
      Array [
        "USD",
        "EUR",
        "GMB",
        "CAD",
        "JPY",
      ]
    }
  />
  <Memo()
    defaultValue="U"
    onChangeHandler={[Function]}
    optionsList={
      Array [
        "USD",
        "EUR",
        "GMB",
        "CAD",
        "JPY",
      ]
    }
  />
  <Memo()
    disabled={true}
  >
    Расчитать
  </Memo()>
</styled.form>
`;
