// Jest Snapshot v1, https://goo.gl/fbAQLP

exports[`<CalculatorForm /> renders and displays properly 1`] = `
<styled.form>
  <input
    onChange={[Function]}
    type="text"
    value={0}
  />
  <select
    defaultValue="USD"
    onChange={[Function]}
  >
    <option
      key="0"
      value="USD"
    >
      USD
    </option>
    <option
      key="1"
      value="EUR"
    >
      EUR
    </option>
    <option
      key="2"
      value="GMB"
    >
      GMB
    </option>
    <option
      key="3"
      value="CAD"
    >
      CAD
    </option>
    <option
      key="4"
      value="JPY"
    >
      JPY
    </option>
  </select>
  <select
    defaultValue="USD"
    onChange={[Function]}
  >
    <option
      key="0"
      value="USD"
    >
      USD
    </option>
    <option
      key="1"
      value="EUR"
    >
      EUR
    </option>
    <option
      key="2"
      value="GMB"
    >
      GMB
    </option>
    <option
      key="3"
      value="CAD"
    >
      CAD
    </option>
    <option
      key="4"
      value="JPY"
    >
      JPY
    </option>
  </select>
  <Button
    disabled={true}
  >
    Расчитать
  </Button>
</styled.form>
`;
