// Jest Snapshot v1, https://goo.gl/fbAQLP

exports[`<HistoryContainer /> renders and displays properly 1`] = `
<styled.table>
  <thead>
    <tr>
      <th>
         
      </th>
      <th>
        Актив
      </th>
      <th>
        Начало
      </th>
      <th>
        Котировка
      </th>
      <th>
        Конец
      </th>
      <th>
        Котировка
      </th>
      <th>
        Прибыль
      </th>
      <th>
         
      </th>
    </tr>
  </thead>
  <tbody>
    <tr
      key="0"
    >
      <td>
         
      </td>
      <td>
        USD/JPD
      </td>
      <td>
        <t
          ago={false}
          calendar={false}
          decimal={false}
          element={null}
          filter={[Function]}
          format="YYYY-MM-DD HH:mm:ss"
          fromNow={false}
          interval={60000}
          local={false}
          onChange={[Function]}
          titleFormat=""
          toNow={false}
          unit={null}
          unix={false}
          utc={false}
          withTitle={false}
        >
          <Component />
        </t>
      </td>
      <td>
        1.12222
      </td>
      <td>
        <t
          ago={false}
          calendar={false}
          decimal={false}
          element={null}
          filter={[Function]}
          format="YYYY-MM-DD HH:mm:ss"
          fromNow={false}
          interval={60000}
          local={false}
          onChange={[Function]}
          titleFormat=""
          toNow={false}
          unit={null}
          unix={false}
          utc={false}
          withTitle={false}
        >
          <Component />
        </t>
      </td>
      <td>
        1.2312
      </td>
      <td>
        +1
      </td>
      <td>
         
      </td>
    </tr>
    <tr
      key="1"
    >
      <td>
         
      </td>
      <td>
        CAD/JPD
      </td>
      <td>
        <t
          ago={false}
          calendar={false}
          decimal={false}
          element={null}
          filter={[Function]}
          format="YYYY-MM-DD HH:mm:ss"
          fromNow={false}
          interval={60000}
          local={false}
          onChange={[Function]}
          titleFormat=""
          toNow={false}
          unit={null}
          unix={false}
          utc={false}
          withTitle={false}
        >
          <Component />
        </t>
      </td>
      <td>
        1.12222
      </td>
      <td>
        <t
          ago={false}
          calendar={false}
          decimal={false}
          element={null}
          filter={[Function]}
          format="YYYY-MM-DD HH:mm:ss"
          fromNow={false}
          interval={60000}
          local={false}
          onChange={[Function]}
          titleFormat=""
          toNow={false}
          unit={null}
          unix={false}
          utc={false}
          withTitle={false}
        >
          <Component />
        </t>
      </td>
      <td>
        1.2312
      </td>
      <td>
        +10.08
      </td>
      <td>
         
      </td>
    </tr>
    <tr
      key="2"
    >
      <td>
         
      </td>
      <td>
        CAD/USD
      </td>
      <td>
        <t
          ago={false}
          calendar={false}
          decimal={false}
          element={null}
          filter={[Function]}
          format="YYYY-MM-DD HH:mm:ss"
          fromNow={false}
          interval={60000}
          local={false}
          onChange={[Function]}
          titleFormat=""
          toNow={false}
          unit={null}
          unix={false}
          utc={false}
          withTitle={false}
        >
          <Component />
        </t>
      </td>
      <td>
        1.12222
      </td>
      <td>
        <t
          ago={false}
          calendar={false}
          decimal={false}
          element={null}
          filter={[Function]}
          format="YYYY-MM-DD HH:mm:ss"
          fromNow={false}
          interval={60000}
          local={false}
          onChange={[Function]}
          titleFormat=""
          toNow={false}
          unit={null}
          unix={false}
          utc={false}
          withTitle={false}
        >
          <Component />
        </t>
      </td>
      <td>
        1.2312
      </td>
      <td>
        -10.08
      </td>
      <td>
         
      </td>
    </tr>
    <tr
      key="3"
    >
      <td>
         
      </td>
      <td>
        USD/CAD
      </td>
      <td>
        <t
          ago={false}
          calendar={false}
          decimal={false}
          element={null}
          filter={[Function]}
          format="YYYY-MM-DD HH:mm:ss"
          fromNow={false}
          interval={60000}
          local={false}
          onChange={[Function]}
          titleFormat=""
          toNow={false}
          unit={null}
          unix={false}
          utc={false}
          withTitle={false}
        >
          <Component />
        </t>
      </td>
      <td>
        1.12222
      </td>
      <td>
        <t
          ago={false}
          calendar={false}
          decimal={false}
          element={null}
          filter={[Function]}
          format="YYYY-MM-DD HH:mm:ss"
          fromNow={false}
          interval={60000}
          local={false}
          onChange={[Function]}
          titleFormat=""
          toNow={false}
          unit={null}
          unix={false}
          utc={false}
          withTitle={false}
        >
          <Component />
        </t>
      </td>
      <td>
        1.2312
      </td>
      <td>
        4
      </td>
      <td>
         
      </td>
    </tr>
    <tr
      key="4"
    >
      <td>
         
      </td>
      <td>
        USD/CAD
      </td>
      <td>
        <t
          ago={false}
          calendar={false}
          decimal={false}
          element={null}
          filter={[Function]}
          format="YYYY-MM-DD HH:mm:ss"
          fromNow={false}
          interval={60000}
          local={false}
          onChange={[Function]}
          titleFormat=""
          toNow={false}
          unit={null}
          unix={false}
          utc={false}
          withTitle={false}
        >
          <Component />
        </t>
      </td>
      <td>
        1.12222
      </td>
      <td>
        <t
          ago={false}
          calendar={false}
          decimal={false}
          element={null}
          filter={[Function]}
          format="YYYY-MM-DD HH:mm:ss"
          fromNow={false}
          interval={60000}
          local={false}
          onChange={[Function]}
          titleFormat=""
          toNow={false}
          unit={null}
          unix={false}
          utc={false}
          withTitle={false}
        >
          <Component />
        </t>
      </td>
      <td>
        1.2312
      </td>
      <td>
        4
      </td>
      <td>
         
      </td>
    </tr>
    <tr
      key="5"
    >
      <td>
         
      </td>
      <td>
        USD/CAD
      </td>
      <td>
        <t
          ago={false}
          calendar={false}
          decimal={false}
          element={null}
          filter={[Function]}
          format="YYYY-MM-DD HH:mm:ss"
          fromNow={false}
          interval={60000}
          local={false}
          onChange={[Function]}
          titleFormat=""
          toNow={false}
          unit={null}
          unix={false}
          utc={false}
          withTitle={false}
        >
          <Component />
        </t>
      </td>
      <td>
        1.12222
      </td>
      <td>
        <t
          ago={false}
          calendar={false}
          decimal={false}
          element={null}
          filter={[Function]}
          format="YYYY-MM-DD HH:mm:ss"
          fromNow={false}
          interval={60000}
          local={false}
          onChange={[Function]}
          titleFormat=""
          toNow={false}
          unit={null}
          unix={false}
          utc={false}
          withTitle={false}
        >
          <Component />
        </t>
      </td>
      <td>
        1.2312
      </td>
      <td>
        4
      </td>
      <td>
         
      </td>
    </tr>
    <tr
      key="6"
    >
      <td>
         
      </td>
      <td>
        USD/CAD
      </td>
      <td>
        <t
          ago={false}
          calendar={false}
          decimal={false}
          element={null}
          filter={[Function]}
          format="YYYY-MM-DD HH:mm:ss"
          fromNow={false}
          interval={60000}
          local={false}
          onChange={[Function]}
          titleFormat=""
          toNow={false}
          unit={null}
          unix={false}
          utc={false}
          withTitle={false}
        >
          <Component />
        </t>
      </td>
      <td>
        1.12222
      </td>
      <td>
        <t
          ago={false}
          calendar={false}
          decimal={false}
          element={null}
          filter={[Function]}
          format="YYYY-MM-DD HH:mm:ss"
          fromNow={false}
          interval={60000}
          local={false}
          onChange={[Function]}
          titleFormat=""
          toNow={false}
          unit={null}
          unix={false}
          utc={false}
          withTitle={false}
        >
          <Component />
        </t>
      </td>
      <td>
        1.2312
      </td>
      <td>
        4
      </td>
      <td>
         
      </td>
    </tr>
    <tr
      key="7"
    >
      <td>
         
      </td>
      <td>
        GBP/USD
      </td>
      <td>
        <t
          ago={false}
          calendar={false}
          decimal={false}
          element={null}
          filter={[Function]}
          format="YYYY-MM-DD HH:mm:ss"
          fromNow={false}
          interval={60000}
          local={false}
          onChange={[Function]}
          titleFormat=""
          toNow={false}
          unit={null}
          unix={false}
          utc={false}
          withTitle={false}
        >
          <Component />
        </t>
      </td>
      <td>
        1.12222
      </td>
      <td>
        <t
          ago={false}
          calendar={false}
          decimal={false}
          element={null}
          filter={[Function]}
          format="YYYY-MM-DD HH:mm:ss"
          fromNow={false}
          interval={60000}
          local={false}
          onChange={[Function]}
          titleFormat=""
          toNow={false}
          unit={null}
          unix={false}
          utc={false}
          withTitle={false}
        >
          <Component />
        </t>
      </td>
      <td>
        1.2312
      </td>
      <td>
        -0.08
      </td>
      <td>
         
      </td>
    </tr>
    <tr
      key="8"
    >
      <td>
         
      </td>
      <td>
        USD/JPD
      </td>
      <td>
        <t
          ago={false}
          calendar={false}
          decimal={false}
          element={null}
          filter={[Function]}
          format="YYYY-MM-DD HH:mm:ss"
          fromNow={false}
          interval={60000}
          local={false}
          onChange={[Function]}
          titleFormat=""
          toNow={false}
          unit={null}
          unix={false}
          utc={false}
          withTitle={false}
        >
          <Component />
        </t>
      </td>
      <td>
        1.12222
      </td>
      <td>
        <t
          ago={false}
          calendar={false}
          decimal={false}
          element={null}
          filter={[Function]}
          format="YYYY-MM-DD HH:mm:ss"
          fromNow={false}
          interval={60000}
          local={false}
          onChange={[Function]}
          titleFormat=""
          toNow={false}
          unit={null}
          unix={false}
          utc={false}
          withTitle={false}
        >
          <Component />
        </t>
      </td>
      <td>
        1.2312
      </td>
      <td>
        +0.08
      </td>
      <td>
         
      </td>
    </tr>
    <tr
      key="9"
    >
      <td>
         
      </td>
      <td>
        CAD/JPD
      </td>
      <td>
        <t
          ago={false}
          calendar={false}
          decimal={false}
          element={null}
          filter={[Function]}
          format="YYYY-MM-DD HH:mm:ss"
          fromNow={false}
          interval={60000}
          local={false}
          onChange={[Function]}
          titleFormat=""
          toNow={false}
          unit={null}
          unix={false}
          utc={false}
          withTitle={false}
        >
          <Component />
        </t>
      </td>
      <td>
        1.12222
      </td>
      <td>
        <t
          ago={false}
          calendar={false}
          decimal={false}
          element={null}
          filter={[Function]}
          format="YYYY-MM-DD HH:mm:ss"
          fromNow={false}
          interval={60000}
          local={false}
          onChange={[Function]}
          titleFormat=""
          toNow={false}
          unit={null}
          unix={false}
          utc={false}
          withTitle={false}
        >
          <Component />
        </t>
      </td>
      <td>
        1.2312
      </td>
      <td>
        -1.08
      </td>
      <td>
         
      </td>
    </tr>
    <tr
      key="10"
    >
      <td>
         
      </td>
      <td>
        CAD/USD
      </td>
      <td>
        <t
          ago={false}
          calendar={false}
          decimal={false}
          element={null}
          filter={[Function]}
          format="YYYY-MM-DD HH:mm:ss"
          fromNow={false}
          interval={60000}
          local={false}
          onChange={[Function]}
          titleFormat=""
          toNow={false}
          unit={null}
          unix={false}
          utc={false}
          withTitle={false}
        >
          <Component />
        </t>
      </td>
      <td>
        1.12222
      </td>
      <td>
        <t
          ago={false}
          calendar={false}
          decimal={false}
          element={null}
          filter={[Function]}
          format="YYYY-MM-DD HH:mm:ss"
          fromNow={false}
          interval={60000}
          local={false}
          onChange={[Function]}
          titleFormat=""
          toNow={false}
          unit={null}
          unix={false}
          utc={false}
          withTitle={false}
        >
          <Component />
        </t>
      </td>
      <td>
        1.2312
      </td>
      <td>
        -10.08
      </td>
      <td>
         
      </td>
    </tr>
    <tr
      key="11"
    >
      <td>
         
      </td>
      <td>
        USD/CAD
      </td>
      <td>
        <t
          ago={false}
          calendar={false}
          decimal={false}
          element={null}
          filter={[Function]}
          format="YYYY-MM-DD HH:mm:ss"
          fromNow={false}
          interval={60000}
          local={false}
          onChange={[Function]}
          titleFormat=""
          toNow={false}
          unit={null}
          unix={false}
          utc={false}
          withTitle={false}
        >
          <Component />
        </t>
      </td>
      <td>
        1.12222
      </td>
      <td>
        <t
          ago={false}
          calendar={false}
          decimal={false}
          element={null}
          filter={[Function]}
          format="YYYY-MM-DD HH:mm:ss"
          fromNow={false}
          interval={60000}
          local={false}
          onChange={[Function]}
          titleFormat=""
          toNow={false}
          unit={null}
          unix={false}
          utc={false}
          withTitle={false}
        >
          <Component />
        </t>
      </td>
      <td>
        1.2312
      </td>
      <td>
        1.08
      </td>
      <td>
         
      </td>
    </tr>
    <tr
      key="12"
    >
      <td>
         
      </td>
      <td>
        GBP/USD
      </td>
      <td>
        <t
          ago={false}
          calendar={false}
          decimal={false}
          element={null}
          filter={[Function]}
          format="YYYY-MM-DD HH:mm:ss"
          fromNow={false}
          interval={60000}
          local={false}
          onChange={[Function]}
          titleFormat=""
          toNow={false}
          unit={null}
          unix={false}
          utc={false}
          withTitle={false}
        >
          <Component />
        </t>
      </td>
      <td>
        1.12222
      </td>
      <td>
        <t
          ago={false}
          calendar={false}
          decimal={false}
          element={null}
          filter={[Function]}
          format="YYYY-MM-DD HH:mm:ss"
          fromNow={false}
          interval={60000}
          local={false}
          onChange={[Function]}
          titleFormat=""
          toNow={false}
          unit={null}
          unix={false}
          utc={false}
          withTitle={false}
        >
          <Component />
        </t>
      </td>
      <td>
        1.2312
      </td>
      <td>
        -0.08
      </td>
      <td>
         
      </td>
    </tr>
    <tr
      key="13"
    >
      <td>
         
      </td>
      <td>
        USD/JPD
      </td>
      <td>
        <t
          ago={false}
          calendar={false}
          decimal={false}
          element={null}
          filter={[Function]}
          format="YYYY-MM-DD HH:mm:ss"
          fromNow={false}
          interval={60000}
          local={false}
          onChange={[Function]}
          titleFormat=""
          toNow={false}
          unit={null}
          unix={false}
          utc={false}
          withTitle={false}
        >
          <Component />
        </t>
      </td>
      <td>
        1.12222
      </td>
      <td>
        <t
          ago={false}
          calendar={false}
          decimal={false}
          element={null}
          filter={[Function]}
          format="YYYY-MM-DD HH:mm:ss"
          fromNow={false}
          interval={60000}
          local={false}
          onChange={[Function]}
          titleFormat=""
          toNow={false}
          unit={null}
          unix={false}
          utc={false}
          withTitle={false}
        >
          <Component />
        </t>
      </td>
      <td>
        1.2312
      </td>
      <td>
        +0.08
      </td>
      <td>
         
      </td>
    </tr>
    <tr
      key="14"
    >
      <td>
         
      </td>
      <td>
        CAD/JPD
      </td>
      <td>
        <t
          ago={false}
          calendar={false}
          decimal={false}
          element={null}
          filter={[Function]}
          format="YYYY-MM-DD HH:mm:ss"
          fromNow={false}
          interval={60000}
          local={false}
          onChange={[Function]}
          titleFormat=""
          toNow={false}
          unit={null}
          unix={false}
          utc={false}
          withTitle={false}
        >
          <Component />
        </t>
      </td>
      <td>
        1.12222
      </td>
      <td>
        <t
          ago={false}
          calendar={false}
          decimal={false}
          element={null}
          filter={[Function]}
          format="YYYY-MM-DD HH:mm:ss"
          fromNow={false}
          interval={60000}
          local={false}
          onChange={[Function]}
          titleFormat=""
          toNow={false}
          unit={null}
          unix={false}
          utc={false}
          withTitle={false}
        >
          <Component />
        </t>
      </td>
      <td>
        1.2312
      </td>
      <td>
        +10.08
      </td>
      <td>
         
      </td>
    </tr>
    <tr
      key="15"
    >
      <td>
         
      </td>
      <td>
        CAD/USD
      </td>
      <td>
        <t
          ago={false}
          calendar={false}
          decimal={false}
          element={null}
          filter={[Function]}
          format="YYYY-MM-DD HH:mm:ss"
          fromNow={false}
          interval={60000}
          local={false}
          onChange={[Function]}
          titleFormat=""
          toNow={false}
          unit={null}
          unix={false}
          utc={false}
          withTitle={false}
        >
          <Component />
        </t>
      </td>
      <td>
        1.12222
      </td>
      <td>
        <t
          ago={false}
          calendar={false}
          decimal={false}
          element={null}
          filter={[Function]}
          format="YYYY-MM-DD HH:mm:ss"
          fromNow={false}
          interval={60000}
          local={false}
          onChange={[Function]}
          titleFormat=""
          toNow={false}
          unit={null}
          unix={false}
          utc={false}
          withTitle={false}
        >
          <Component />
        </t>
      </td>
      <td>
        1.2312
      </td>
      <td>
        -10.08
      </td>
      <td>
         
      </td>
    </tr>
    <tr
      key="16"
    >
      <td>
         
      </td>
      <td>
        USD/CAD
      </td>
      <td>
        <t
          ago={false}
          calendar={false}
          decimal={false}
          element={null}
          filter={[Function]}
          format="YYYY-MM-DD HH:mm:ss"
          fromNow={false}
          interval={60000}
          local={false}
          onChange={[Function]}
          titleFormat=""
          toNow={false}
          unit={null}
          unix={false}
          utc={false}
          withTitle={false}
        >
          <Component />
        </t>
      </td>
      <td>
        1.12222
      </td>
      <td>
        <t
          ago={false}
          calendar={false}
          decimal={false}
          element={null}
          filter={[Function]}
          format="YYYY-MM-DD HH:mm:ss"
          fromNow={false}
          interval={60000}
          local={false}
          onChange={[Function]}
          titleFormat=""
          toNow={false}
          unit={null}
          unix={false}
          utc={false}
          withTitle={false}
        >
          <Component />
        </t>
      </td>
      <td>
        1.2312
      </td>
      <td>
        1.08
      </td>
      <td>
         
      </td>
    </tr>
    <tr
      key="17"
    >
      <td>
         
      </td>
      <td>
        GBP/USD
      </td>
      <td>
        <t
          ago={false}
          calendar={false}
          decimal={false}
          element={null}
          filter={[Function]}
          format="YYYY-MM-DD HH:mm:ss"
          fromNow={false}
          interval={60000}
          local={false}
          onChange={[Function]}
          titleFormat=""
          toNow={false}
          unit={null}
          unix={false}
          utc={false}
          withTitle={false}
        >
          <Component />
        </t>
      </td>
      <td>
        1.12222
      </td>
      <td>
        <t
          ago={false}
          calendar={false}
          decimal={false}
          element={null}
          filter={[Function]}
          format="YYYY-MM-DD HH:mm:ss"
          fromNow={false}
          interval={60000}
          local={false}
          onChange={[Function]}
          titleFormat=""
          toNow={false}
          unit={null}
          unix={false}
          utc={false}
          withTitle={false}
        >
          <Component />
        </t>
      </td>
      <td>
        1.2312
      </td>
      <td>
        -0.08
      </td>
      <td>
         
      </td>
    </tr>
    <tr
      key="18"
    >
      <td>
         
      </td>
      <td>
        GBP/USD
      </td>
      <td>
        <t
          ago={false}
          calendar={false}
          decimal={false}
          element={null}
          filter={[Function]}
          format="YYYY-MM-DD HH:mm:ss"
          fromNow={false}
          interval={60000}
          local={false}
          onChange={[Function]}
          titleFormat=""
          toNow={false}
          unit={null}
          unix={false}
          utc={false}
          withTitle={false}
        >
          <Component />
        </t>
      </td>
      <td>
        1.12222
      </td>
      <td>
        <t
          ago={false}
          calendar={false}
          decimal={false}
          element={null}
          filter={[Function]}
          format="YYYY-MM-DD HH:mm:ss"
          fromNow={false}
          interval={60000}
          local={false}
          onChange={[Function]}
          titleFormat=""
          toNow={false}
          unit={null}
          unix={false}
          utc={false}
          withTitle={false}
        >
          <Component />
        </t>
      </td>
      <td>
        1.2312
      </td>
      <td>
        102.08
      </td>
      <td>
         
      </td>
    </tr>
    <tr
      key="19"
    >
      <td>
         
      </td>
      <td>
        GBP/USD
      </td>
      <td>
        <t
          ago={false}
          calendar={false}
          decimal={false}
          element={null}
          filter={[Function]}
          format="YYYY-MM-DD HH:mm:ss"
          fromNow={false}
          interval={60000}
          local={false}
          onChange={[Function]}
          titleFormat=""
          toNow={false}
          unit={null}
          unix={false}
          utc={false}
          withTitle={false}
        >
          <Component />
        </t>
      </td>
      <td>
        1.12222
      </td>
      <td>
        <t
          ago={false}
          calendar={false}
          decimal={false}
          element={null}
          filter={[Function]}
          format="YYYY-MM-DD HH:mm:ss"
          fromNow={false}
          interval={60000}
          local={false}
          onChange={[Function]}
          titleFormat=""
          toNow={false}
          unit={null}
          unix={false}
          utc={false}
          withTitle={false}
        >
          <Component />
        </t>
      </td>
      <td>
        1.2312
      </td>
      <td>
        100.08
      </td>
      <td>
         
      </td>
    </tr>
  </tbody>
  <tfoot>
    <tr>
      <td
        colSpan={8}
      >
        <Pagination />
      </td>
    </tr>
  </tfoot>
</styled.table>
`;
