// Jest Snapshot v1, https://goo.gl/fbAQLP

exports[`<Pagination /> renders and displays properly 1`] = `
<styled.div
  className="pagination-container"
>
  <div
    className="arrow-backward"
    onClick={[MockFunction]}
  />
  <div
    className="numbers"
  >
    1
     / 
    10
  </div>
  <div
    className="arrow-forward"
    onClick={[MockFunction]}
  >
    <IoIosArrowRoundForward
      color="#1a237e"
      size="2em"
    />
  </div>
</styled.div>
`;
